item	6966726167696c69
item	7374696365787069
item	737570657263616c
